mode: set
github.com/metalagman/semverctl/internal/app/runner.go:53.40,55.2 1 1
github.com/metalagman/semverctl/internal/app/runner.go:58.30,61.15 3 1
github.com/metalagman/semverctl/internal/app/runner.go:61.15,61.56 1 1
github.com/metalagman/semverctl/internal/app/runner.go:63.2,64.12 2 1
github.com/metalagman/semverctl/internal/app/runner.go:69.53,72.15 3 1
github.com/metalagman/semverctl/internal/app/runner.go:72.15,72.56 1 1
github.com/metalagman/semverctl/internal/app/runner.go:74.2,74.34 1 1
github.com/metalagman/semverctl/internal/app/runner.go:77.60,79.37 1 1
github.com/metalagman/semverctl/internal/app/runner.go:79.37,81.3 1 0
github.com/metalagman/semverctl/internal/app/runner.go:84.2,88.25 4 1
github.com/metalagman/semverctl/internal/app/runner.go:88.25,90.3 1 1
github.com/metalagman/semverctl/internal/app/runner.go:90.8,92.3 1 1
github.com/metalagman/semverctl/internal/app/runner.go:93.2,93.16 1 1
github.com/metalagman/semverctl/internal/app/runner.go:93.16,95.3 1 1
github.com/metalagman/semverctl/internal/app/runner.go:98.2,101.29 3 1
github.com/metalagman/semverctl/internal/app/runner.go:101.29,104.26 3 1
github.com/metalagman/semverctl/internal/app/runner.go:104.26,106.4 1 1
github.com/metalagman/semverctl/internal/app/runner.go:109.2,109.23 1 1
github.com/metalagman/semverctl/internal/app/runner.go:109.23,111.3 1 1
github.com/metalagman/semverctl/internal/app/runner.go:113.2,113.15 1 1
github.com/metalagman/semverctl/internal/app/runner.go:113.15,115.3 1 1
github.com/metalagman/semverctl/internal/app/runner.go:117.2,117.21 1 1
github.com/metalagman/semverctl/internal/app/runner.go:120.35,122.28 1 1
github.com/metalagman/semverctl/internal/app/runner.go:123.14,124.55 1 1
github.com/metalagman/semverctl/internal/app/runner.go:124.55,126.4 1 1
github.com/metalagman/semverctl/internal/app/runner.go:127.3,127.54 1 1
github.com/metalagman/semverctl/internal/app/runner.go:127.54,129.4 1 1
github.com/metalagman/semverctl/internal/app/runner.go:130.13,131.29 1 1
github.com/metalagman/semverctl/internal/app/runner.go:131.29,133.4 1 1
github.com/metalagman/semverctl/internal/app/runner.go:134.3,134.27 1 1
github.com/metalagman/semverctl/internal/app/runner.go:134.27,136.4 1 1
github.com/metalagman/semverctl/internal/app/runner.go:137.3,137.41 1 1
github.com/metalagman/semverctl/internal/app/runner.go:137.41,139.4 1 1
github.com/metalagman/semverctl/internal/app/runner.go:140.10,141.65 1 1
github.com/metalagman/semverctl/internal/app/runner.go:145.2,145.29 1 1
github.com/metalagman/semverctl/internal/app/runner.go:145.29,147.3 1 1
github.com/metalagman/semverctl/internal/app/runner.go:150.2,151.16 2 1
github.com/metalagman/semverctl/internal/app/runner.go:151.16,153.3 1 1
github.com/metalagman/semverctl/internal/app/runner.go:155.2,155.12 1 1
github.com/metalagman/semverctl/internal/app/runner.go:158.50,163.16 3 1
github.com/metalagman/semverctl/internal/app/runner.go:163.16,166.3 2 0
github.com/metalagman/semverctl/internal/app/runner.go:169.2,170.16 2 1
github.com/metalagman/semverctl/internal/app/runner.go:170.16,173.3 2 0
github.com/metalagman/semverctl/internal/app/runner.go:176.2,177.16 2 1
github.com/metalagman/semverctl/internal/app/runner.go:177.16,180.3 2 1
github.com/metalagman/semverctl/internal/app/runner.go:183.2,183.26 1 1
github.com/metalagman/semverctl/internal/app/runner.go:183.26,185.3 1 1
github.com/metalagman/semverctl/internal/app/runner.go:187.2,187.48 1 1
github.com/metalagman/semverctl/internal/app/runner.go:190.95,195.16 3 1
github.com/metalagman/semverctl/internal/app/runner.go:195.16,198.3 2 1
github.com/metalagman/semverctl/internal/app/runner.go:199.2,203.28 3 1
github.com/metalagman/semverctl/internal/app/runner.go:204.14,206.17 2 1
github.com/metalagman/semverctl/internal/app/runner.go:206.17,209.4 2 1
github.com/metalagman/semverctl/internal/app/runner.go:210.3,211.17 2 1
github.com/metalagman/semverctl/internal/app/runner.go:211.17,214.4 2 0
github.com/metalagman/semverctl/internal/app/runner.go:215.3,215.31 1 1
github.com/metalagman/semverctl/internal/app/runner.go:216.13,217.28 1 1
github.com/metalagman/semverctl/internal/app/runner.go:219.2,222.22 2 1
github.com/metalagman/semverctl/internal/app/runner.go:222.22,225.3 2 1
github.com/metalagman/semverctl/internal/app/runner.go:226.2,229.69 2 1
github.com/metalagman/semverctl/internal/app/runner.go:229.69,232.3 2 0
github.com/metalagman/semverctl/internal/app/runner.go:235.2,236.16 2 1
github.com/metalagman/semverctl/internal/app/runner.go:236.16,239.3 2 0
github.com/metalagman/semverctl/internal/app/runner.go:242.2,242.21 1 1
github.com/metalagman/semverctl/internal/app/runner.go:242.21,243.24 1 1
github.com/metalagman/semverctl/internal/app/runner.go:243.24,245.4 1 1
github.com/metalagman/semverctl/internal/app/runner.go:246.8,248.17 2 1
github.com/metalagman/semverctl/internal/app/runner.go:248.17,251.4 2 1
github.com/metalagman/semverctl/internal/app/runner.go:254.2,254.15 1 1
github.com/metalagman/semverctl/internal/app/runner.go:257.100,262.16 3 1
github.com/metalagman/semverctl/internal/app/runner.go:262.16,265.3 2 1
github.com/metalagman/semverctl/internal/app/runner.go:266.2,273.22 4 1
github.com/metalagman/semverctl/internal/app/runner.go:273.22,276.3 2 0
github.com/metalagman/semverctl/internal/app/runner.go:277.2,280.75 2 1
github.com/metalagman/semverctl/internal/app/runner.go:280.75,283.3 2 0
github.com/metalagman/semverctl/internal/app/runner.go:286.2,287.16 2 1
github.com/metalagman/semverctl/internal/app/runner.go:287.16,290.3 2 0
github.com/metalagman/semverctl/internal/app/runner.go:293.2,293.21 1 1
github.com/metalagman/semverctl/internal/app/runner.go:293.21,294.24 1 1
github.com/metalagman/semverctl/internal/app/runner.go:294.24,296.4 1 1
github.com/metalagman/semverctl/internal/app/runner.go:297.8,299.17 2 1
github.com/metalagman/semverctl/internal/app/runner.go:299.17,302.4 2 1
github.com/metalagman/semverctl/internal/app/runner.go:305.2,305.15 1 1
github.com/metalagman/semverctl/internal/app/runner.go:308.49,313.33 4 1
github.com/metalagman/semverctl/internal/app/runner.go:313.33,314.26 1 1
github.com/metalagman/semverctl/internal/app/runner.go:314.26,317.4 2 1
github.com/metalagman/semverctl/internal/app/runner.go:317.9,317.28 1 1
github.com/metalagman/semverctl/internal/app/runner.go:317.28,319.23 2 1
github.com/metalagman/semverctl/internal/app/runner.go:319.23,321.5 1 1
github.com/metalagman/semverctl/internal/app/runner.go:322.4,323.13 2 1
github.com/metalagman/semverctl/internal/app/runner.go:324.9,327.4 2 0
github.com/metalagman/semverctl/internal/app/runner.go:330.2,331.16 2 1
github.com/metalagman/semverctl/internal/app/runner.go:331.16,333.3 1 1
github.com/metalagman/semverctl/internal/app/runner.go:334.2,334.15 1 1
github.com/metalagman/semverctl/internal/app/runner.go:337.69,343.29 4 1
github.com/metalagman/semverctl/internal/app/runner.go:343.29,344.20 1 1
github.com/metalagman/semverctl/internal/app/runner.go:345.34,346.56 1 1
github.com/metalagman/semverctl/internal/app/runner.go:346.56,347.19 1 1
github.com/metalagman/semverctl/internal/app/runner.go:347.19,349.6 1 1
github.com/metalagman/semverctl/internal/app/runner.go:351.34,352.56 1 1
github.com/metalagman/semverctl/internal/app/runner.go:352.56,353.19 1 1
github.com/metalagman/semverctl/internal/app/runner.go:353.19,355.6 1 1
github.com/metalagman/semverctl/internal/app/runner.go:357.33,357.33 0 1
github.com/metalagman/semverctl/internal/app/runner.go:361.2,361.15 1 1
github.com/metalagman/semverctl/internal/app/runner.go:365.37,367.2 1 1
github.com/metalagman/semverctl/internal/formats/codec.go:26.47,28.13 2 1
github.com/metalagman/semverctl/internal/formats/codec.go:29.15,30.27 1 1
github.com/metalagman/semverctl/internal/formats/codec.go:31.23,32.27 1 1
github.com/metalagman/semverctl/internal/formats/codec.go:33.10,34.64 1 1
github.com/metalagman/semverctl/internal/formats/codec.go:42.54,45.16 3 1
github.com/metalagman/semverctl/internal/formats/codec.go:45.16,47.3 1 1
github.com/metalagman/semverctl/internal/formats/codec.go:48.2,48.20 1 1
github.com/metalagman/semverctl/internal/formats/codec.go:52.54,54.2 1 1
github.com/metalagman/semverctl/internal/formats/codec.go:57.73,59.16 2 1
github.com/metalagman/semverctl/internal/formats/codec.go:59.16,61.3 1 0
github.com/metalagman/semverctl/internal/formats/codec.go:63.2,63.25 1 1
github.com/metalagman/semverctl/internal/formats/codec.go:64.14,65.16 1 1
github.com/metalagman/semverctl/internal/formats/codec.go:66.10,67.94 1 1
github.com/metalagman/semverctl/internal/formats/codec.go:72.79,74.2 1 1
github.com/metalagman/semverctl/internal/formats/codec.go:77.78,79.16 2 1
github.com/metalagman/semverctl/internal/formats/codec.go:79.16,81.3 1 0
github.com/metalagman/semverctl/internal/formats/codec.go:82.2,82.40 1 1
github.com/metalagman/semverctl/internal/formats/codec.go:86.82,88.2 1 1
github.com/metalagman/semverctl/internal/formats/codec.go:94.54,97.16 3 1
github.com/metalagman/semverctl/internal/formats/codec.go:97.16,99.3 1 1
github.com/metalagman/semverctl/internal/formats/codec.go:100.2,100.35 1 1
github.com/metalagman/semverctl/internal/formats/codec.go:104.31,105.25 1 1
github.com/metalagman/semverctl/internal/formats/codec.go:106.22,107.25 1 1
github.com/metalagman/semverctl/internal/formats/codec.go:107.25,109.4 1 1
github.com/metalagman/semverctl/internal/formats/codec.go:110.3,110.13 1 1
github.com/metalagman/semverctl/internal/formats/codec.go:111.19,113.25 2 1
github.com/metalagman/semverctl/internal/formats/codec.go:113.25,114.36 1 1
github.com/metalagman/semverctl/internal/formats/codec.go:114.36,116.5 1 1
github.com/metalagman/semverctl/internal/formats/codec.go:118.3,118.11 1 1
github.com/metalagman/semverctl/internal/formats/codec.go:119.13,120.25 1 1
github.com/metalagman/semverctl/internal/formats/codec.go:120.25,122.4 1 1
github.com/metalagman/semverctl/internal/formats/codec.go:123.3,123.13 1 1
github.com/metalagman/semverctl/internal/formats/codec.go:124.10,125.11 1 1
github.com/metalagman/semverctl/internal/formats/codec.go:130.54,132.2 1 1
github.com/metalagman/semverctl/internal/formats/codec.go:135.73,137.16 2 1
github.com/metalagman/semverctl/internal/formats/codec.go:137.16,139.3 1 0
github.com/metalagman/semverctl/internal/formats/codec.go:141.2,141.25 1 1
github.com/metalagman/semverctl/internal/formats/codec.go:142.14,143.16 1 1
github.com/metalagman/semverctl/internal/formats/codec.go:144.10,145.94 1 1
github.com/metalagman/semverctl/internal/formats/codec.go:150.79,152.2 1 1
github.com/metalagman/semverctl/internal/formats/codec.go:155.78,157.16 2 1
github.com/metalagman/semverctl/internal/formats/codec.go:157.16,159.3 1 0
github.com/metalagman/semverctl/internal/formats/codec.go:160.2,160.40 1 1
github.com/metalagman/semverctl/internal/formats/codec.go:164.82,166.2 1 1
github.com/metalagman/semverctl/internal/formats/codec.go:168.66,169.25 1 1
github.com/metalagman/semverctl/internal/formats/codec.go:170.11,171.23 1 1
github.com/metalagman/semverctl/internal/formats/codec.go:172.13,173.16 1 0
github.com/metalagman/semverctl/internal/formats/codec.go:174.15,175.40 1 1
github.com/metalagman/semverctl/internal/formats/codec.go:175.40,177.4 1 1
github.com/metalagman/semverctl/internal/formats/codec.go:178.3,178.25 1 1
github.com/metalagman/semverctl/internal/formats/codec.go:178.25,180.4 1 1
github.com/metalagman/semverctl/internal/formats/codec.go:181.3,182.22 2 1
github.com/metalagman/semverctl/internal/formats/codec.go:182.22,184.4 1 0
github.com/metalagman/semverctl/internal/formats/codec.go:185.3,185.16 1 1
github.com/metalagman/semverctl/internal/formats/codec.go:186.10,187.90 1 1
github.com/metalagman/semverctl/internal/cli/commands.go:18.55,19.55 1 1
github.com/metalagman/semverctl/internal/cli/commands.go:19.55,20.20 1 1
github.com/metalagman/semverctl/internal/cli/commands.go:20.20,23.4 2 1
github.com/metalagman/semverctl/internal/cli/commands.go:24.3,24.13 1 1
github.com/metalagman/semverctl/internal/cli/commands.go:30.53,31.55 1 1
github.com/metalagman/semverctl/internal/cli/commands.go:31.55,32.21 1 1
github.com/metalagman/semverctl/internal/cli/commands.go:32.21,35.4 2 1
github.com/metalagman/semverctl/internal/cli/commands.go:36.3,36.13 1 1
github.com/metalagman/semverctl/internal/cli/commands.go:48.39,50.2 1 0
github.com/metalagman/semverctl/internal/cli/commands.go:79.41,83.2 3 1
github.com/metalagman/semverctl/internal/cli/commands.go:85.63,90.2 4 1
github.com/metalagman/semverctl/internal/cli/commands.go:92.45,95.2 2 1
github.com/metalagman/semverctl/internal/cli/commands.go:97.67,99.33 2 1
github.com/metalagman/semverctl/internal/cli/commands.go:99.33,100.10 1 1
github.com/metalagman/semverctl/internal/cli/commands.go:101.28,102.20 1 0
github.com/metalagman/semverctl/internal/cli/commands.go:103.23,104.21 1 1
github.com/metalagman/semverctl/internal/cli/commands.go:105.11,106.23 1 0
github.com/metalagman/semverctl/internal/cli/commands.go:109.2,109.16 1 1
github.com/metalagman/semverctl/internal/cli/commands.go:112.66,113.33 1 1
github.com/metalagman/semverctl/internal/cli/commands.go:113.33,114.26 1 1
github.com/metalagman/semverctl/internal/cli/commands.go:114.26,116.4 1 1
github.com/metalagman/semverctl/internal/cli/commands.go:118.2,118.17 1 1
github.com/metalagman/semverctl/internal/cli/commands.go:121.13,129.55 1 1
github.com/metalagman/semverctl/internal/cli/commands.go:129.55,132.4 2 0
github.com/metalagman/semverctl/internal/cli/commands.go:135.2,189.55 18 1
github.com/metalagman/semverctl/internal/cli/commands.go:189.55,192.4 2 0
github.com/metalagman/semverctl/internal/cli/commands.go:195.2,233.28 10 1
github.com/metalagman/semverctl/internal/cli/commands.go:246.67,250.61 3 1
github.com/metalagman/semverctl/internal/cli/commands.go:250.61,252.3 1 0
github.com/metalagman/semverctl/internal/cli/commands.go:253.2,253.64 1 1
github.com/metalagman/semverctl/internal/cli/commands.go:253.64,255.3 1 0
github.com/metalagman/semverctl/internal/cli/commands.go:256.2,256.59 1 1
github.com/metalagman/semverctl/internal/cli/commands.go:256.59,258.3 1 0
github.com/metalagman/semverctl/internal/cli/commands.go:259.2,259.61 1 1
github.com/metalagman/semverctl/internal/cli/commands.go:259.61,261.3 1 0
github.com/metalagman/semverctl/internal/cli/commands.go:262.2,262.61 1 1
github.com/metalagman/semverctl/internal/cli/commands.go:262.61,264.3 1 0
github.com/metalagman/semverctl/internal/cli/commands.go:265.2,265.61 1 1
github.com/metalagman/semverctl/internal/cli/commands.go:265.61,267.3 1 0
github.com/metalagman/semverctl/internal/cli/commands.go:268.2,268.69 1 1
github.com/metalagman/semverctl/internal/cli/commands.go:268.69,270.3 1 0
github.com/metalagman/semverctl/internal/cli/commands.go:272.2,272.15 1 1
github.com/metalagman/semverctl/internal/cli/commands.go:281.65,285.61 3 1
github.com/metalagman/semverctl/internal/cli/commands.go:285.61,287.3 1 0
github.com/metalagman/semverctl/internal/cli/commands.go:288.2,288.64 1 1
github.com/metalagman/semverctl/internal/cli/commands.go:288.64,290.3 1 1
github.com/metalagman/semverctl/internal/cli/commands.go:291.2,291.59 1 1
github.com/metalagman/semverctl/internal/cli/commands.go:291.59,293.3 1 0
github.com/metalagman/semverctl/internal/cli/commands.go:295.2,295.15 1 1
github.com/metalagman/semverctl/internal/cli/commands.go:307.65,311.61 3 1
github.com/metalagman/semverctl/internal/cli/commands.go:311.61,313.3 1 1
github.com/metalagman/semverctl/internal/cli/commands.go:314.2,314.61 1 1
github.com/metalagman/semverctl/internal/cli/commands.go:314.61,316.3 1 0
github.com/metalagman/semverctl/internal/cli/commands.go:317.2,317.61 1 1
github.com/metalagman/semverctl/internal/cli/commands.go:317.61,319.3 1 0
github.com/metalagman/semverctl/internal/cli/commands.go:320.2,320.59 1 1
github.com/metalagman/semverctl/internal/cli/commands.go:320.59,322.3 1 0
github.com/metalagman/semverctl/internal/cli/commands.go:323.2,323.64 1 1
github.com/metalagman/semverctl/internal/cli/commands.go:323.64,325.3 1 0
github.com/metalagman/semverctl/internal/cli/commands.go:326.2,326.59 1 1
github.com/metalagman/semverctl/internal/cli/commands.go:326.59,328.3 1 0
github.com/metalagman/semverctl/internal/cli/commands.go:330.2,330.15 1 1
github.com/metalagman/semverctl/internal/cli/commands.go:339.63,343.59 3 1
github.com/metalagman/semverctl/internal/cli/commands.go:343.59,345.3 1 1
github.com/metalagman/semverctl/internal/cli/commands.go:346.2,346.64 1 1
github.com/metalagman/semverctl/internal/cli/commands.go:346.64,348.3 1 0
github.com/metalagman/semverctl/internal/cli/commands.go:349.2,349.59 1 1
github.com/metalagman/semverctl/internal/cli/commands.go:349.59,351.3 1 0
github.com/metalagman/semverctl/internal/cli/commands.go:353.2,353.15 1 1
github.com/metalagman/semverctl/internal/cli/commands.go:356.89,361.41 4 1
github.com/metalagman/semverctl/internal/cli/commands.go:361.41,363.3 1 1
github.com/metalagman/semverctl/internal/cli/commands.go:365.2,366.11 2 1
github.com/metalagman/semverctl/internal/cli/commands.go:366.11,368.3 1 1
github.com/metalagman/semverctl/internal/cli/commands.go:369.2,369.11 1 1
github.com/metalagman/semverctl/internal/cli/commands.go:369.11,371.3 1 1
github.com/metalagman/semverctl/internal/cli/commands.go:372.2,372.11 1 1
github.com/metalagman/semverctl/internal/cli/commands.go:372.11,374.3 1 1
github.com/metalagman/semverctl/internal/cli/commands.go:375.2,375.19 1 1
github.com/metalagman/semverctl/internal/cli/commands.go:375.19,377.3 1 1
github.com/metalagman/semverctl/internal/cli/commands.go:379.2,379.9 1 1
github.com/metalagman/semverctl/internal/cli/commands.go:380.13,381.22 1 1
github.com/metalagman/semverctl/internal/cli/commands.go:382.13,383.22 1 1
github.com/metalagman/semverctl/internal/cli/commands.go:384.10,385.22 1 1
github.com/metalagman/semverctl/internal/cli/commands.go:389.59,390.20 1 1
github.com/metalagman/semverctl/internal/cli/commands.go:390.20,392.25 2 1
github.com/metalagman/semverctl/internal/cli/commands.go:392.25,394.4 1 0
github.com/metalagman/semverctl/internal/cli/commands.go:395.3,395.13 1 1
github.com/metalagman/semverctl/internal/cli/commands.go:398.2,399.16 2 1
github.com/metalagman/semverctl/internal/cli/commands.go:399.16,401.3 1 0
github.com/metalagman/semverctl/internal/cli/commands.go:403.2,410.23 2 1
github.com/metalagman/semverctl/internal/cli/commands.go:410.23,411.48 1 1
github.com/metalagman/semverctl/internal/cli/commands.go:411.48,413.18 2 1
github.com/metalagman/semverctl/internal/cli/commands.go:413.18,415.5 1 0
github.com/metalagman/semverctl/internal/cli/commands.go:416.4,416.14 1 1
github.com/metalagman/semverctl/internal/cli/commands.go:420.2,421.24 2 1
github.com/metalagman/semverctl/internal/cli/commands.go:421.24,423.17 2 1
github.com/metalagman/semverctl/internal/cli/commands.go:423.17,424.18 1 0
github.com/metalagman/semverctl/internal/cli/commands.go:424.18,426.5 1 0
github.com/metalagman/semverctl/internal/cli/commands.go:427.4,427.14 1 0
github.com/metalagman/semverctl/internal/cli/commands.go:429.3,429.26 1 1
github.com/metalagman/semverctl/internal/cli/commands.go:432.2,433.16 2 1
github.com/metalagman/semverctl/internal/cli/commands.go:433.16,435.17 2 1
github.com/metalagman/semverctl/internal/cli/commands.go:435.17,437.4 1 1
github.com/metalagman/semverctl/internal/cli/commands.go:438.3,438.13 1 1
github.com/metalagman/semverctl/internal/cli/commands.go:440.2,452.17 4 1
github.com/metalagman/semverctl/internal/cli/commands.go:452.17,454.3 1 1
github.com/metalagman/semverctl/internal/cli/commands.go:456.2,457.22 2 1
github.com/metalagman/semverctl/internal/cli/commands.go:457.22,461.3 3 1
github.com/metalagman/semverctl/internal/cli/commands.go:462.2,465.19 3 1
github.com/metalagman/semverctl/internal/cli/commands.go:465.19,467.3 1 0
github.com/metalagman/semverctl/internal/cli/commands.go:469.2,471.12 3 1
github.com/metalagman/semverctl/internal/cli/commands.go:474.58,475.20 1 1
github.com/metalagman/semverctl/internal/cli/commands.go:475.20,477.25 2 1
github.com/metalagman/semverctl/internal/cli/commands.go:477.25,479.4 1 0
github.com/metalagman/semverctl/internal/cli/commands.go:480.3,480.13 1 1
github.com/metalagman/semverctl/internal/cli/commands.go:483.2,484.16 2 1
github.com/metalagman/semverctl/internal/cli/commands.go:484.16,486.3 1 0
github.com/metalagman/semverctl/internal/cli/commands.go:488.2,496.16 3 1
github.com/metalagman/semverctl/internal/cli/commands.go:496.16,498.17 2 1
github.com/metalagman/semverctl/internal/cli/commands.go:498.17,500.4 1 1
github.com/metalagman/semverctl/internal/cli/commands.go:501.3,501.13 1 1
github.com/metalagman/semverctl/internal/cli/commands.go:503.2,514.17 4 1
github.com/metalagman/semverctl/internal/cli/commands.go:514.17,516.3 1 1
github.com/metalagman/semverctl/internal/cli/commands.go:518.2,519.22 2 1
github.com/metalagman/semverctl/internal/cli/commands.go:519.22,523.3 3 0
github.com/metalagman/semverctl/internal/cli/commands.go:524.2,527.19 3 1
github.com/metalagman/semverctl/internal/cli/commands.go:527.19,529.3 1 1
github.com/metalagman/semverctl/internal/cli/commands.go:531.2,533.12 3 0
github.com/metalagman/semverctl/internal/cli/commands.go:536.58,537.20 1 1
github.com/metalagman/semverctl/internal/cli/commands.go:537.20,539.25 2 0
github.com/metalagman/semverctl/internal/cli/commands.go:539.25,541.4 1 0
github.com/metalagman/semverctl/internal/cli/commands.go:542.3,542.13 1 0
github.com/metalagman/semverctl/internal/cli/commands.go:545.2,546.16 2 1
github.com/metalagman/semverctl/internal/cli/commands.go:546.16,548.3 1 0
github.com/metalagman/semverctl/internal/cli/commands.go:550.2,551.16 2 1
github.com/metalagman/semverctl/internal/cli/commands.go:551.16,553.3 1 1
github.com/metalagman/semverctl/internal/cli/commands.go:555.2,563.42 3 1
github.com/metalagman/semverctl/internal/cli/commands.go:563.42,564.17 1 1
github.com/metalagman/semverctl/internal/cli/commands.go:564.17,566.4 1 1
github.com/metalagman/semverctl/internal/cli/commands.go:567.3,567.13 1 1
github.com/metalagman/semverctl/internal/cli/commands.go:570.2,571.16 2 1
github.com/metalagman/semverctl/internal/cli/commands.go:571.16,572.17 1 1
github.com/metalagman/semverctl/internal/cli/commands.go:572.17,574.4 1 0
github.com/metalagman/semverctl/internal/cli/commands.go:575.3,575.13 1 1
github.com/metalagman/semverctl/internal/cli/commands.go:577.2,580.18 3 1
github.com/metalagman/semverctl/internal/cli/commands.go:580.18,582.17 2 1
github.com/metalagman/semverctl/internal/cli/commands.go:582.17,586.4 3 1
github.com/metalagman/semverctl/internal/cli/commands.go:587.3,587.17 1 1
github.com/metalagman/semverctl/internal/cli/commands.go:587.17,589.4 1 0
github.com/metalagman/semverctl/internal/cli/commands.go:589.9,591.4 1 1
github.com/metalagman/semverctl/internal/cli/commands.go:592.3,592.13 1 1
github.com/metalagman/semverctl/internal/cli/commands.go:595.2,595.52 1 1
github.com/metalagman/semverctl/internal/cli/commands.go:595.52,596.17 1 1
github.com/metalagman/semverctl/internal/cli/commands.go:596.17,598.4 1 0
github.com/metalagman/semverctl/internal/cli/commands.go:599.3,599.13 1 1
github.com/metalagman/semverctl/internal/cli/commands.go:601.2,603.17 3 1
github.com/metalagman/semverctl/internal/cli/commands.go:603.17,605.3 1 1
github.com/metalagman/semverctl/internal/cli/commands.go:607.2,607.16 1 1
github.com/metalagman/semverctl/internal/cli/commands.go:607.16,608.42 1 1
github.com/metalagman/semverctl/internal/cli/commands.go:608.42,610.18 2 1
github.com/metalagman/semverctl/internal/cli/commands.go:610.18,612.5 1 0
github.com/metalagman/semverctl/internal/cli/commands.go:613.4,613.14 1 1
github.com/metalagman/semverctl/internal/cli/commands.go:615.3,617.18 3 1
github.com/metalagman/semverctl/internal/cli/commands.go:617.18,619.4 1 1
github.com/metalagman/semverctl/internal/cli/commands.go:622.2,622.16 1 1
github.com/metalagman/semverctl/internal/cli/commands.go:622.16,626.3 3 0
github.com/metalagman/semverctl/internal/cli/commands.go:628.2,628.12 1 1
github.com/metalagman/semverctl/internal/cli/commands.go:631.57,632.20 1 1
github.com/metalagman/semverctl/internal/cli/commands.go:632.20,634.25 2 1
github.com/metalagman/semverctl/internal/cli/commands.go:634.25,636.4 1 0
github.com/metalagman/semverctl/internal/cli/commands.go:637.3,637.13 1 1
github.com/metalagman/semverctl/internal/cli/commands.go:640.2,641.16 2 1
github.com/metalagman/semverctl/internal/cli/commands.go:641.16,643.3 1 0
github.com/metalagman/semverctl/internal/cli/commands.go:645.2,652.42 3 1
github.com/metalagman/semverctl/internal/cli/commands.go:652.42,653.17 1 0
github.com/metalagman/semverctl/internal/cli/commands.go:653.17,655.4 1 0
github.com/metalagman/semverctl/internal/cli/commands.go:656.3,656.13 1 0
github.com/metalagman/semverctl/internal/cli/commands.go:659.2,660.16 2 1
github.com/metalagman/semverctl/internal/cli/commands.go:660.16,661.17 1 1
github.com/metalagman/semverctl/internal/cli/commands.go:661.17,663.4 1 0
github.com/metalagman/semverctl/internal/cli/commands.go:664.3,664.13 1 1
github.com/metalagman/semverctl/internal/cli/commands.go:666.2,669.18 3 1
github.com/metalagman/semverctl/internal/cli/commands.go:669.18,671.17 2 1
github.com/metalagman/semverctl/internal/cli/commands.go:671.17,675.4 3 1
github.com/metalagman/semverctl/internal/cli/commands.go:676.3,676.17 1 1
github.com/metalagman/semverctl/internal/cli/commands.go:676.17,678.4 1 0
github.com/metalagman/semverctl/internal/cli/commands.go:678.9,680.4 1 1
github.com/metalagman/semverctl/internal/cli/commands.go:681.3,681.13 1 1
github.com/metalagman/semverctl/internal/cli/commands.go:684.2,684.52 1 1
github.com/metalagman/semverctl/internal/cli/commands.go:684.52,685.17 1 1
github.com/metalagman/semverctl/internal/cli/commands.go:685.17,687.4 1 0
github.com/metalagman/semverctl/internal/cli/commands.go:688.3,688.13 1 1
github.com/metalagman/semverctl/internal/cli/commands.go:690.2,692.17 3 1
github.com/metalagman/semverctl/internal/cli/commands.go:692.17,694.3 1 1
github.com/metalagman/semverctl/internal/cli/commands.go:696.2,696.16 1 1
github.com/metalagman/semverctl/internal/cli/commands.go:696.16,697.42 1 1
github.com/metalagman/semverctl/internal/cli/commands.go:697.42,699.18 2 1
github.com/metalagman/semverctl/internal/cli/commands.go:699.18,701.5 1 0
github.com/metalagman/semverctl/internal/cli/commands.go:702.4,702.14 1 1
github.com/metalagman/semverctl/internal/cli/commands.go:704.3,706.18 3 1
github.com/metalagman/semverctl/internal/cli/commands.go:706.18,708.4 1 1
github.com/metalagman/semverctl/internal/cli/commands.go:711.2,711.16 1 1
github.com/metalagman/semverctl/internal/cli/commands.go:711.16,715.3 3 0
github.com/metalagman/semverctl/internal/cli/commands.go:717.2,717.12 1 1
github.com/metalagman/semverctl/internal/cli/root.go:16.13,17.63 1 1
github.com/metalagman/semverctl/internal/cli/root.go:17.63,19.3 1 1
github.com/metalagman/semverctl/internal/cli/root.go:38.22,40.2 1 1
github.com/metalagman/semverctl/internal/cli/root.go:42.13,44.2 1 1
github.com/metalagman/semverctl/internal/cli/root.go:49.47,51.3 1 1
github.com/metalagman/semverctl/internal/cli/root.go:55.26,57.2 1 1
github.com/metalagman/semverctl/internal/cli/root.go:60.28,62.2 1 1
github.com/metalagman/semverctl/internal/cli/root.go:65.28,67.2 1 1
github.com/metalagman/semverctl/internal/gitx/service.go:18.60,25.34 6 0
github.com/metalagman/semverctl/internal/gitx/service.go:25.34,27.20 2 0
github.com/metalagman/semverctl/internal/gitx/service.go:27.20,29.4 1 0
github.com/metalagman/semverctl/internal/gitx/service.go:30.3,30.20 1 0
github.com/metalagman/semverctl/internal/gitx/service.go:30.20,32.4 1 0
github.com/metalagman/semverctl/internal/gitx/service.go:33.3,33.68 1 0
github.com/metalagman/semverctl/internal/gitx/service.go:36.2,36.29 1 0
github.com/metalagman/semverctl/internal/gitx/service.go:45.28,47.2 1 1
github.com/metalagman/semverctl/internal/gitx/service.go:49.54,51.2 1 1
github.com/metalagman/semverctl/internal/gitx/service.go:54.39,56.16 2 1
github.com/metalagman/semverctl/internal/gitx/service.go:56.16,58.3 1 1
github.com/metalagman/semverctl/internal/gitx/service.go:60.2,60.34 1 1
github.com/metalagman/semverctl/internal/gitx/service.go:60.34,62.3 1 1
github.com/metalagman/semverctl/internal/gitx/service.go:64.2,64.12 1 1
github.com/metalagman/semverctl/internal/gitx/service.go:68.53,70.16 2 1
github.com/metalagman/semverctl/internal/gitx/service.go:70.16,72.3 1 1
github.com/metalagman/semverctl/internal/gitx/service.go:74.2,78.27 4 1
github.com/metalagman/semverctl/internal/gitx/service.go:78.27,80.16 2 1
github.com/metalagman/semverctl/internal/gitx/service.go:80.16,81.12 1 1
github.com/metalagman/semverctl/internal/gitx/service.go:84.3,85.10 2 1
github.com/metalagman/semverctl/internal/gitx/service.go:85.10,86.12 1 1
github.com/metalagman/semverctl/internal/gitx/service.go:89.3,89.62 1 1
github.com/metalagman/semverctl/internal/gitx/service.go:89.62,92.4 2 1
github.com/metalagman/semverctl/internal/gitx/service.go:95.2,95.24 1 1
github.com/metalagman/semverctl/internal/gitx/service.go:95.24,97.3 1 1
github.com/metalagman/semverctl/internal/gitx/service.go:99.2,99.21 1 1
github.com/metalagman/semverctl/internal/gitx/service.go:103.61,105.16 2 1
github.com/metalagman/semverctl/internal/gitx/service.go:105.16,107.3 1 0
github.com/metalagman/semverctl/internal/gitx/service.go:109.2,110.9 2 1
github.com/metalagman/semverctl/internal/gitx/service.go:110.9,112.3 1 0
github.com/metalagman/semverctl/internal/gitx/service.go:114.2,115.16 2 1
github.com/metalagman/semverctl/internal/gitx/service.go:115.16,117.3 1 0
github.com/metalagman/semverctl/internal/gitx/service.go:119.2,119.33 1 1
github.com/metalagman/semverctl/internal/gitx/service.go:123.69,125.19 2 1
github.com/metalagman/semverctl/internal/gitx/service.go:125.19,127.3 1 1
github.com/metalagman/semverctl/internal/gitx/service.go:129.2,130.30 2 1
github.com/metalagman/semverctl/internal/gitx/service.go:130.30,132.3 1 1
github.com/metalagman/semverctl/internal/gitx/service.go:134.2,134.27 1 1
github.com/metalagman/semverctl/internal/gitx/service.go:138.56,140.16 2 1
github.com/metalagman/semverctl/internal/gitx/service.go:140.16,142.3 1 0
github.com/metalagman/semverctl/internal/gitx/service.go:143.2,143.12 1 1
github.com/metalagman/semverctl/internal/gitx/service.go:143.12,145.3 1 1
github.com/metalagman/semverctl/internal/gitx/service.go:147.2,148.12 2 1
github.com/metalagman/semverctl/internal/gitx/service.go:152.45,155.2 2 1
github.com/metalagman/semverctl/internal/gitx/service.go:158.55,160.16 2 1
github.com/metalagman/semverctl/internal/gitx/service.go:160.16,162.3 1 1
github.com/metalagman/semverctl/internal/gitx/service.go:164.2,164.48 1 1
github.com/metalagman/semverctl/internal/gitx/service.go:164.48,165.37 1 1
github.com/metalagman/semverctl/internal/gitx/service.go:165.37,167.4 1 1
github.com/metalagman/semverctl/internal/gitx/service.go:170.2,170.19 1 1
github.com/metalagman/semverctl/internal/gitx/service.go:173.64,174.34 1 1
github.com/metalagman/semverctl/internal/gitx/service.go:174.34,176.3 1 1
github.com/metalagman/semverctl/internal/gitx/service.go:178.2,179.30 2 1
github.com/metalagman/semverctl/internal/gitx/service.go:179.30,181.3 1 1
github.com/metalagman/semverctl/internal/gitx/service.go:183.2,184.16 2 1
github.com/metalagman/semverctl/internal/gitx/service.go:184.16,186.3 1 0
github.com/metalagman/semverctl/internal/gitx/service.go:188.2,188.21 1 1
github.com/metalagman/semverctl/internal/gitx/service.go:191.42,192.19 1 1
github.com/metalagman/semverctl/internal/gitx/service.go:192.19,194.3 1 0
github.com/metalagman/semverctl/internal/gitx/service.go:196.2,197.16 2 1
github.com/metalagman/semverctl/internal/gitx/service.go:197.16,199.3 1 1
github.com/metalagman/semverctl/internal/gitx/service.go:201.2,201.57 1 1
github.com/metalagman/semverctl/internal/gitx/service.go:204.41,205.23 1 1
github.com/metalagman/semverctl/internal/gitx/service.go:205.23,207.3 1 1
github.com/metalagman/semverctl/internal/gitx/service.go:208.2,208.23 1 1
github.com/metalagman/semverctl/internal/gitx/service.go:208.23,210.3 1 1
github.com/metalagman/semverctl/internal/gitx/service.go:212.2,212.23 1 1
github.com/metalagman/semverctl/internal/gitx/service.go:212.23,214.3 1 1
github.com/metalagman/semverctl/internal/gitx/service.go:215.2,215.23 1 1
github.com/metalagman/semverctl/internal/gitx/service.go:215.23,217.3 1 1
github.com/metalagman/semverctl/internal/gitx/service.go:219.2,219.23 1 1
github.com/metalagman/semverctl/internal/gitx/service.go:219.23,221.3 1 1
github.com/metalagman/semverctl/internal/gitx/service.go:222.2,222.23 1 1
github.com/metalagman/semverctl/internal/gitx/service.go:222.23,224.3 1 1
github.com/metalagman/semverctl/internal/gitx/service.go:226.2,226.10 1 1
github.com/metalagman/semverctl/cmd/semverctl/main.go:9.13,11.16 2 1
github.com/metalagman/semverctl/cmd/semverctl/main.go:11.16,13.3 1 0
github.com/metalagman/semverctl/internal/pathx/path.go:10.43,11.16 1 1
github.com/metalagman/semverctl/internal/pathx/path.go:11.16,13.3 1 1
github.com/metalagman/semverctl/internal/pathx/path.go:16.2,18.16 2 1
github.com/metalagman/semverctl/internal/pathx/path.go:18.16,20.3 1 1
github.com/metalagman/semverctl/internal/pathx/path.go:23.2,26.29 2 1
github.com/metalagman/semverctl/internal/pathx/path.go:26.29,27.17 1 1
github.com/metalagman/semverctl/internal/pathx/path.go:27.17,29.4 1 1
github.com/metalagman/semverctl/internal/pathx/path.go:32.2,32.19 1 1
github.com/metalagman/semverctl/internal/pathx/path.go:37.48,40.27 2 1
github.com/metalagman/semverctl/internal/pathx/path.go:40.27,41.30 1 1
github.com/metalagman/semverctl/internal/pathx/path.go:42.23,44.11 2 1
github.com/metalagman/semverctl/internal/pathx/path.go:44.11,46.5 1 1
github.com/metalagman/semverctl/internal/pathx/path.go:47.4,47.17 1 1
github.com/metalagman/semverctl/internal/pathx/path.go:48.20,50.11 2 1
github.com/metalagman/semverctl/internal/pathx/path.go:50.11,52.5 1 0
github.com/metalagman/semverctl/internal/pathx/path.go:53.4,53.17 1 1
github.com/metalagman/semverctl/internal/pathx/path.go:54.11,55.97 1 1
github.com/metalagman/semverctl/internal/pathx/path.go:59.2,59.21 1 1
github.com/metalagman/semverctl/internal/pathx/path.go:64.52,65.20 1 1
github.com/metalagman/semverctl/internal/pathx/path.go:65.20,67.3 1 1
github.com/metalagman/semverctl/internal/pathx/path.go:69.2,72.31 2 1
github.com/metalagman/semverctl/internal/pathx/path.go:72.31,74.30 2 1
github.com/metalagman/semverctl/internal/pathx/path.go:75.23,77.11 2 1
github.com/metalagman/semverctl/internal/pathx/path.go:77.11,79.5 1 0
github.com/metalagman/semverctl/internal/pathx/path.go:80.4,80.18 1 1
github.com/metalagman/semverctl/internal/pathx/path.go:81.20,83.11 2 0
github.com/metalagman/semverctl/internal/pathx/path.go:83.11,85.5 1 0
github.com/metalagman/semverctl/internal/pathx/path.go:86.4,86.18 1 0
github.com/metalagman/semverctl/internal/pathx/path.go:87.11,88.92 1 0
github.com/metalagman/semverctl/internal/pathx/path.go:93.2,94.29 2 1
github.com/metalagman/semverctl/internal/pathx/path.go:95.22,96.33 1 1
github.com/metalagman/semverctl/internal/pathx/path.go:96.33,98.4 1 1
github.com/metalagman/semverctl/internal/pathx/path.go:99.3,99.23 1 1
github.com/metalagman/semverctl/internal/pathx/path.go:100.19,101.33 1 1
github.com/metalagman/semverctl/internal/pathx/path.go:101.33,103.4 1 0
github.com/metalagman/semverctl/internal/pathx/path.go:104.3,104.23 1 1
github.com/metalagman/semverctl/internal/pathx/path.go:105.10,106.105 1 1
github.com/metalagman/semverctl/internal/pathx/path.go:109.2,109.12 1 1
github.com/metalagman/semverctl/internal/pathx/path.go:113.34,115.2 1 1
github.com/metalagman/semverctl/internal/semverx/semver.go:24.40,26.20 2 1
github.com/metalagman/semverctl/internal/semverx/semver.go:26.20,28.3 1 1
github.com/metalagman/semverctl/internal/semverx/semver.go:30.2,40.8 4 1
github.com/metalagman/semverctl/internal/semverx/semver.go:44.35,46.24 2 1
github.com/metalagman/semverctl/internal/semverx/semver.go:46.24,48.3 1 1
github.com/metalagman/semverctl/internal/semverx/semver.go:49.2,49.22 1 1
github.com/metalagman/semverctl/internal/semverx/semver.go:49.22,51.3 1 1
github.com/metalagman/semverctl/internal/semverx/semver.go:52.2,52.15 1 1
github.com/metalagman/semverctl/internal/semverx/semver.go:56.40,62.2 1 1
github.com/metalagman/semverctl/internal/semverx/semver.go:65.40,71.2 1 1
github.com/metalagman/semverctl/internal/semverx/semver.go:74.40,80.2 1 1
github.com/metalagman/semverctl/internal/semverx/semver.go:83.60,84.36 1 1
github.com/metalagman/semverctl/internal/semverx/semver.go:85.15,86.28 1 1
github.com/metalagman/semverctl/internal/semverx/semver.go:87.15,88.28 1 1
github.com/metalagman/semverctl/internal/semverx/semver.go:89.15,90.28 1 1
github.com/metalagman/semverctl/internal/semverx/semver.go:91.10,92.99 1 1
github.com/metalagman/semverctl/internal/semverx/semver.go:97.29,99.2 1 1
github.com/metalagman/semverctl/internal/targets/resolver.go:19.44,20.21 1 1
github.com/metalagman/semverctl/internal/targets/resolver.go:20.21,22.3 1 1
github.com/metalagman/semverctl/internal/targets/resolver.go:23.2,23.32 1 1
github.com/metalagman/semverctl/internal/targets/resolver.go:27.59,29.16 2 1
github.com/metalagman/semverctl/internal/targets/resolver.go:29.16,31.3 1 1
github.com/metalagman/semverctl/internal/targets/resolver.go:32.2,32.18 1 1
github.com/metalagman/semverctl/internal/targets/resolver.go:32.18,34.3 1 1
github.com/metalagman/semverctl/internal/targets/resolver.go:36.2,36.33 1 1
github.com/metalagman/semverctl/internal/targets/resolver.go:36.33,38.3 1 1
github.com/metalagman/semverctl/internal/targets/resolver.go:40.2,40.28 1 1
github.com/metalagman/semverctl/internal/targets/resolver.go:44.66,48.31 3 1
github.com/metalagman/semverctl/internal/targets/resolver.go:48.31,50.17 2 1
github.com/metalagman/semverctl/internal/targets/resolver.go:50.17,52.4 1 1
github.com/metalagman/semverctl/internal/targets/resolver.go:54.3,54.33 1 1
github.com/metalagman/semverctl/internal/targets/resolver.go:54.33,59.18 3 1
github.com/metalagman/semverctl/internal/targets/resolver.go:59.18,61.5 1 0
github.com/metalagman/semverctl/internal/targets/resolver.go:62.4,62.20 1 1
github.com/metalagman/semverctl/internal/targets/resolver.go:62.20,63.13 1 0
github.com/metalagman/semverctl/internal/targets/resolver.go:67.4,67.39 1 1
github.com/metalagman/semverctl/internal/targets/resolver.go:67.39,68.13 1 1
github.com/metalagman/semverctl/internal/targets/resolver.go:72.4,73.18 2 1
github.com/metalagman/semverctl/internal/targets/resolver.go:73.18,75.5 1 0
github.com/metalagman/semverctl/internal/targets/resolver.go:77.4,77.22 1 1
github.com/metalagman/semverctl/internal/targets/resolver.go:77.22,80.5 2 1
github.com/metalagman/semverctl/internal/targets/resolver.go:84.2,84.26 1 1
github.com/metalagman/semverctl/internal/targets/resolver.go:84.26,86.3 1 1
github.com/metalagman/semverctl/internal/targets/resolver.go:89.2,91.24 2 1
github.com/metalagman/semverctl/internal/targets/resolver.go:95.45,97.13 2 1
github.com/metalagman/semverctl/internal/targets/resolver.go:98.32,99.14 1 1
github.com/metalagman/semverctl/internal/targets/resolver.go:100.10,101.15 1 1
github.com/metalagman/semverctl/internal/targets/resolver.go:106.52,110.24 3 1
github.com/metalagman/semverctl/internal/targets/resolver.go:110.24,112.3 1 1
github.com/metalagman/semverctl/internal/targets/resolver.go:113.2,113.26 1 1
github.com/metalagman/semverctl/internal/targets/resolver.go:113.26,115.3 1 1
github.com/metalagman/semverctl/internal/targets/resolver.go:116.2,116.12 1 1
