mode: set
github.com/metalagman/semverctl/internal/gitx/service.go:18.60,25.34 6 0
github.com/metalagman/semverctl/internal/gitx/service.go:25.34,27.20 2 0
github.com/metalagman/semverctl/internal/gitx/service.go:27.20,29.4 1 0
github.com/metalagman/semverctl/internal/gitx/service.go:30.3,30.20 1 0
github.com/metalagman/semverctl/internal/gitx/service.go:30.20,32.4 1 0
github.com/metalagman/semverctl/internal/gitx/service.go:33.3,33.68 1 0
github.com/metalagman/semverctl/internal/gitx/service.go:36.2,36.29 1 0
github.com/metalagman/semverctl/internal/gitx/service.go:45.28,47.2 1 1
github.com/metalagman/semverctl/internal/gitx/service.go:49.54,51.2 1 1
github.com/metalagman/semverctl/internal/gitx/service.go:54.39,56.16 2 1
github.com/metalagman/semverctl/internal/gitx/service.go:56.16,58.3 1 1
github.com/metalagman/semverctl/internal/gitx/service.go:60.2,60.34 1 1
github.com/metalagman/semverctl/internal/gitx/service.go:60.34,62.3 1 1
github.com/metalagman/semverctl/internal/gitx/service.go:64.2,64.12 1 1
github.com/metalagman/semverctl/internal/gitx/service.go:68.53,70.16 2 1
github.com/metalagman/semverctl/internal/gitx/service.go:70.16,72.3 1 1
github.com/metalagman/semverctl/internal/gitx/service.go:74.2,78.27 4 1
github.com/metalagman/semverctl/internal/gitx/service.go:78.27,80.16 2 1
github.com/metalagman/semverctl/internal/gitx/service.go:80.16,81.12 1 1
github.com/metalagman/semverctl/internal/gitx/service.go:84.3,85.10 2 1
github.com/metalagman/semverctl/internal/gitx/service.go:85.10,86.12 1 1
github.com/metalagman/semverctl/internal/gitx/service.go:89.3,89.62 1 1
github.com/metalagman/semverctl/internal/gitx/service.go:89.62,92.4 2 1
github.com/metalagman/semverctl/internal/gitx/service.go:95.2,95.24 1 1
github.com/metalagman/semverctl/internal/gitx/service.go:95.24,97.3 1 1
github.com/metalagman/semverctl/internal/gitx/service.go:99.2,99.21 1 1
github.com/metalagman/semverctl/internal/gitx/service.go:103.61,105.16 2 1
github.com/metalagman/semverctl/internal/gitx/service.go:105.16,107.3 1 0
github.com/metalagman/semverctl/internal/gitx/service.go:109.2,110.9 2 1
github.com/metalagman/semverctl/internal/gitx/service.go:110.9,112.3 1 0
github.com/metalagman/semverctl/internal/gitx/service.go:114.2,115.16 2 1
github.com/metalagman/semverctl/internal/gitx/service.go:115.16,117.3 1 0
github.com/metalagman/semverctl/internal/gitx/service.go:119.2,119.33 1 1
github.com/metalagman/semverctl/internal/gitx/service.go:123.69,125.19 2 1
github.com/metalagman/semverctl/internal/gitx/service.go:125.19,127.3 1 1
github.com/metalagman/semverctl/internal/gitx/service.go:129.2,130.30 2 1
github.com/metalagman/semverctl/internal/gitx/service.go:130.30,132.3 1 1
github.com/metalagman/semverctl/internal/gitx/service.go:134.2,134.27 1 1
github.com/metalagman/semverctl/internal/gitx/service.go:138.56,140.16 2 1
github.com/metalagman/semverctl/internal/gitx/service.go:140.16,142.3 1 0
github.com/metalagman/semverctl/internal/gitx/service.go:143.2,143.12 1 1
github.com/metalagman/semverctl/internal/gitx/service.go:143.12,145.3 1 1
github.com/metalagman/semverctl/internal/gitx/service.go:147.2,148.12 2 1
github.com/metalagman/semverctl/internal/gitx/service.go:152.45,155.2 2 1
github.com/metalagman/semverctl/internal/gitx/service.go:158.55,160.16 2 1
github.com/metalagman/semverctl/internal/gitx/service.go:160.16,162.3 1 1
github.com/metalagman/semverctl/internal/gitx/service.go:164.2,164.48 1 1
github.com/metalagman/semverctl/internal/gitx/service.go:164.48,165.37 1 1
github.com/metalagman/semverctl/internal/gitx/service.go:165.37,167.4 1 1
github.com/metalagman/semverctl/internal/gitx/service.go:170.2,170.19 1 1
github.com/metalagman/semverctl/internal/gitx/service.go:173.64,174.34 1 1
github.com/metalagman/semverctl/internal/gitx/service.go:174.34,176.3 1 1
github.com/metalagman/semverctl/internal/gitx/service.go:178.2,179.30 2 1
github.com/metalagman/semverctl/internal/gitx/service.go:179.30,181.3 1 1
github.com/metalagman/semverctl/internal/gitx/service.go:183.2,184.16 2 1
github.com/metalagman/semverctl/internal/gitx/service.go:184.16,186.3 1 0
github.com/metalagman/semverctl/internal/gitx/service.go:188.2,188.21 1 1
github.com/metalagman/semverctl/internal/gitx/service.go:191.42,192.19 1 1
github.com/metalagman/semverctl/internal/gitx/service.go:192.19,194.3 1 0
github.com/metalagman/semverctl/internal/gitx/service.go:196.2,197.16 2 1
github.com/metalagman/semverctl/internal/gitx/service.go:197.16,199.3 1 1
github.com/metalagman/semverctl/internal/gitx/service.go:201.2,201.57 1 1
github.com/metalagman/semverctl/internal/gitx/service.go:204.41,205.23 1 1
github.com/metalagman/semverctl/internal/gitx/service.go:205.23,207.3 1 1
github.com/metalagman/semverctl/internal/gitx/service.go:208.2,208.23 1 1
github.com/metalagman/semverctl/internal/gitx/service.go:208.23,210.3 1 1
github.com/metalagman/semverctl/internal/gitx/service.go:212.2,212.23 1 1
github.com/metalagman/semverctl/internal/gitx/service.go:212.23,214.3 1 1
github.com/metalagman/semverctl/internal/gitx/service.go:215.2,215.23 1 1
github.com/metalagman/semverctl/internal/gitx/service.go:215.23,217.3 1 1
github.com/metalagman/semverctl/internal/gitx/service.go:219.2,219.23 1 1
github.com/metalagman/semverctl/internal/gitx/service.go:219.23,221.3 1 1
github.com/metalagman/semverctl/internal/gitx/service.go:222.2,222.23 1 1
github.com/metalagman/semverctl/internal/gitx/service.go:222.23,224.3 1 1
github.com/metalagman/semverctl/internal/gitx/service.go:226.2,226.10 1 1
