mode: set
github.com/metalagman/semverctl/internal/cli/commands.go:18.55,19.55 1 1
github.com/metalagman/semverctl/internal/cli/commands.go:19.55,20.20 1 1
github.com/metalagman/semverctl/internal/cli/commands.go:20.20,23.4 2 1
github.com/metalagman/semverctl/internal/cli/commands.go:24.3,24.13 1 1
github.com/metalagman/semverctl/internal/cli/commands.go:30.53,31.55 1 1
github.com/metalagman/semverctl/internal/cli/commands.go:31.55,32.21 1 1
github.com/metalagman/semverctl/internal/cli/commands.go:32.21,35.4 2 1
github.com/metalagman/semverctl/internal/cli/commands.go:36.3,36.13 1 1
github.com/metalagman/semverctl/internal/cli/commands.go:48.39,50.2 1 0
github.com/metalagman/semverctl/internal/cli/commands.go:79.41,83.2 3 1
github.com/metalagman/semverctl/internal/cli/commands.go:85.63,90.2 4 1
github.com/metalagman/semverctl/internal/cli/commands.go:92.45,95.2 2 1
github.com/metalagman/semverctl/internal/cli/commands.go:97.67,99.33 2 1
github.com/metalagman/semverctl/internal/cli/commands.go:99.33,100.10 1 1
github.com/metalagman/semverctl/internal/cli/commands.go:101.28,102.20 1 0
github.com/metalagman/semverctl/internal/cli/commands.go:103.23,104.21 1 1
github.com/metalagman/semverctl/internal/cli/commands.go:105.11,106.23 1 0
github.com/metalagman/semverctl/internal/cli/commands.go:109.2,109.16 1 1
github.com/metalagman/semverctl/internal/cli/commands.go:112.66,113.33 1 1
github.com/metalagman/semverctl/internal/cli/commands.go:113.33,114.26 1 1
github.com/metalagman/semverctl/internal/cli/commands.go:114.26,116.4 1 1
github.com/metalagman/semverctl/internal/cli/commands.go:118.2,118.17 1 1
github.com/metalagman/semverctl/internal/cli/commands.go:121.13,129.55 1 1
github.com/metalagman/semverctl/internal/cli/commands.go:129.55,132.4 2 0
github.com/metalagman/semverctl/internal/cli/commands.go:135.2,189.55 18 1
github.com/metalagman/semverctl/internal/cli/commands.go:189.55,192.4 2 0
github.com/metalagman/semverctl/internal/cli/commands.go:195.2,233.28 10 1
github.com/metalagman/semverctl/internal/cli/commands.go:246.67,250.61 3 1
github.com/metalagman/semverctl/internal/cli/commands.go:250.61,252.3 1 0
github.com/metalagman/semverctl/internal/cli/commands.go:253.2,253.64 1 1
github.com/metalagman/semverctl/internal/cli/commands.go:253.64,255.3 1 0
github.com/metalagman/semverctl/internal/cli/commands.go:256.2,256.59 1 1
github.com/metalagman/semverctl/internal/cli/commands.go:256.59,258.3 1 0
github.com/metalagman/semverctl/internal/cli/commands.go:259.2,259.61 1 1
github.com/metalagman/semverctl/internal/cli/commands.go:259.61,261.3 1 0
github.com/metalagman/semverctl/internal/cli/commands.go:262.2,262.61 1 1
github.com/metalagman/semverctl/internal/cli/commands.go:262.61,264.3 1 0
github.com/metalagman/semverctl/internal/cli/commands.go:265.2,265.61 1 1
github.com/metalagman/semverctl/internal/cli/commands.go:265.61,267.3 1 0
github.com/metalagman/semverctl/internal/cli/commands.go:268.2,268.69 1 1
github.com/metalagman/semverctl/internal/cli/commands.go:268.69,270.3 1 0
github.com/metalagman/semverctl/internal/cli/commands.go:272.2,272.15 1 1
github.com/metalagman/semverctl/internal/cli/commands.go:281.65,285.61 3 1
github.com/metalagman/semverctl/internal/cli/commands.go:285.61,287.3 1 0
github.com/metalagman/semverctl/internal/cli/commands.go:288.2,288.64 1 1
github.com/metalagman/semverctl/internal/cli/commands.go:288.64,290.3 1 1
github.com/metalagman/semverctl/internal/cli/commands.go:291.2,291.59 1 1
github.com/metalagman/semverctl/internal/cli/commands.go:291.59,293.3 1 0
github.com/metalagman/semverctl/internal/cli/commands.go:295.2,295.15 1 1
github.com/metalagman/semverctl/internal/cli/commands.go:307.65,311.61 3 1
github.com/metalagman/semverctl/internal/cli/commands.go:311.61,313.3 1 1
github.com/metalagman/semverctl/internal/cli/commands.go:314.2,314.61 1 1
github.com/metalagman/semverctl/internal/cli/commands.go:314.61,316.3 1 0
github.com/metalagman/semverctl/internal/cli/commands.go:317.2,317.61 1 1
github.com/metalagman/semverctl/internal/cli/commands.go:317.61,319.3 1 0
github.com/metalagman/semverctl/internal/cli/commands.go:320.2,320.59 1 1
github.com/metalagman/semverctl/internal/cli/commands.go:320.59,322.3 1 0
github.com/metalagman/semverctl/internal/cli/commands.go:323.2,323.64 1 1
github.com/metalagman/semverctl/internal/cli/commands.go:323.64,325.3 1 0
github.com/metalagman/semverctl/internal/cli/commands.go:326.2,326.59 1 1
github.com/metalagman/semverctl/internal/cli/commands.go:326.59,328.3 1 0
github.com/metalagman/semverctl/internal/cli/commands.go:330.2,330.15 1 1
github.com/metalagman/semverctl/internal/cli/commands.go:339.63,343.59 3 1
github.com/metalagman/semverctl/internal/cli/commands.go:343.59,345.3 1 1
github.com/metalagman/semverctl/internal/cli/commands.go:346.2,346.64 1 1
github.com/metalagman/semverctl/internal/cli/commands.go:346.64,348.3 1 0
github.com/metalagman/semverctl/internal/cli/commands.go:349.2,349.59 1 1
github.com/metalagman/semverctl/internal/cli/commands.go:349.59,351.3 1 0
github.com/metalagman/semverctl/internal/cli/commands.go:353.2,353.15 1 1
github.com/metalagman/semverctl/internal/cli/commands.go:356.89,361.41 4 1
github.com/metalagman/semverctl/internal/cli/commands.go:361.41,363.3 1 1
github.com/metalagman/semverctl/internal/cli/commands.go:365.2,366.11 2 1
github.com/metalagman/semverctl/internal/cli/commands.go:366.11,368.3 1 1
github.com/metalagman/semverctl/internal/cli/commands.go:369.2,369.11 1 1
github.com/metalagman/semverctl/internal/cli/commands.go:369.11,371.3 1 1
github.com/metalagman/semverctl/internal/cli/commands.go:372.2,372.11 1 1
github.com/metalagman/semverctl/internal/cli/commands.go:372.11,374.3 1 1
github.com/metalagman/semverctl/internal/cli/commands.go:375.2,375.19 1 1
github.com/metalagman/semverctl/internal/cli/commands.go:375.19,377.3 1 1
github.com/metalagman/semverctl/internal/cli/commands.go:379.2,379.9 1 1
github.com/metalagman/semverctl/internal/cli/commands.go:380.13,381.22 1 1
github.com/metalagman/semverctl/internal/cli/commands.go:382.13,383.22 1 1
github.com/metalagman/semverctl/internal/cli/commands.go:384.10,385.22 1 1
github.com/metalagman/semverctl/internal/cli/commands.go:389.59,390.20 1 1
github.com/metalagman/semverctl/internal/cli/commands.go:390.20,392.25 2 1
github.com/metalagman/semverctl/internal/cli/commands.go:392.25,394.4 1 0
github.com/metalagman/semverctl/internal/cli/commands.go:395.3,395.13 1 1
github.com/metalagman/semverctl/internal/cli/commands.go:398.2,399.16 2 1
github.com/metalagman/semverctl/internal/cli/commands.go:399.16,401.3 1 0
github.com/metalagman/semverctl/internal/cli/commands.go:403.2,410.23 2 1
github.com/metalagman/semverctl/internal/cli/commands.go:410.23,411.48 1 1
github.com/metalagman/semverctl/internal/cli/commands.go:411.48,413.18 2 1
github.com/metalagman/semverctl/internal/cli/commands.go:413.18,415.5 1 0
github.com/metalagman/semverctl/internal/cli/commands.go:416.4,416.14 1 1
github.com/metalagman/semverctl/internal/cli/commands.go:420.2,421.24 2 1
github.com/metalagman/semverctl/internal/cli/commands.go:421.24,423.17 2 1
github.com/metalagman/semverctl/internal/cli/commands.go:423.17,424.18 1 0
github.com/metalagman/semverctl/internal/cli/commands.go:424.18,426.5 1 0
github.com/metalagman/semverctl/internal/cli/commands.go:427.4,427.14 1 0
github.com/metalagman/semverctl/internal/cli/commands.go:429.3,429.26 1 1
github.com/metalagman/semverctl/internal/cli/commands.go:432.2,433.16 2 1
github.com/metalagman/semverctl/internal/cli/commands.go:433.16,435.17 2 1
github.com/metalagman/semverctl/internal/cli/commands.go:435.17,437.4 1 1
github.com/metalagman/semverctl/internal/cli/commands.go:438.3,438.13 1 1
github.com/metalagman/semverctl/internal/cli/commands.go:440.2,452.17 4 1
github.com/metalagman/semverctl/internal/cli/commands.go:452.17,454.3 1 1
github.com/metalagman/semverctl/internal/cli/commands.go:456.2,457.22 2 1
github.com/metalagman/semverctl/internal/cli/commands.go:457.22,461.3 3 1
github.com/metalagman/semverctl/internal/cli/commands.go:462.2,465.19 3 1
github.com/metalagman/semverctl/internal/cli/commands.go:465.19,467.3 1 0
github.com/metalagman/semverctl/internal/cli/commands.go:469.2,471.12 3 1
github.com/metalagman/semverctl/internal/cli/commands.go:474.58,475.20 1 1
github.com/metalagman/semverctl/internal/cli/commands.go:475.20,477.25 2 1
github.com/metalagman/semverctl/internal/cli/commands.go:477.25,479.4 1 0
github.com/metalagman/semverctl/internal/cli/commands.go:480.3,480.13 1 1
github.com/metalagman/semverctl/internal/cli/commands.go:483.2,484.16 2 1
github.com/metalagman/semverctl/internal/cli/commands.go:484.16,486.3 1 0
github.com/metalagman/semverctl/internal/cli/commands.go:488.2,496.16 3 1
github.com/metalagman/semverctl/internal/cli/commands.go:496.16,498.17 2 1
github.com/metalagman/semverctl/internal/cli/commands.go:498.17,500.4 1 1
github.com/metalagman/semverctl/internal/cli/commands.go:501.3,501.13 1 1
github.com/metalagman/semverctl/internal/cli/commands.go:503.2,514.17 4 1
github.com/metalagman/semverctl/internal/cli/commands.go:514.17,516.3 1 1
github.com/metalagman/semverctl/internal/cli/commands.go:518.2,519.22 2 1
github.com/metalagman/semverctl/internal/cli/commands.go:519.22,523.3 3 0
github.com/metalagman/semverctl/internal/cli/commands.go:524.2,527.19 3 1
github.com/metalagman/semverctl/internal/cli/commands.go:527.19,529.3 1 1
github.com/metalagman/semverctl/internal/cli/commands.go:531.2,533.12 3 0
github.com/metalagman/semverctl/internal/cli/commands.go:536.58,537.20 1 1
github.com/metalagman/semverctl/internal/cli/commands.go:537.20,539.25 2 0
github.com/metalagman/semverctl/internal/cli/commands.go:539.25,541.4 1 0
github.com/metalagman/semverctl/internal/cli/commands.go:542.3,542.13 1 0
github.com/metalagman/semverctl/internal/cli/commands.go:545.2,546.16 2 1
github.com/metalagman/semverctl/internal/cli/commands.go:546.16,548.3 1 0
github.com/metalagman/semverctl/internal/cli/commands.go:550.2,551.16 2 1
github.com/metalagman/semverctl/internal/cli/commands.go:551.16,553.3 1 1
github.com/metalagman/semverctl/internal/cli/commands.go:555.2,563.42 3 1
github.com/metalagman/semverctl/internal/cli/commands.go:563.42,564.17 1 1
github.com/metalagman/semverctl/internal/cli/commands.go:564.17,566.4 1 1
github.com/metalagman/semverctl/internal/cli/commands.go:567.3,567.13 1 1
github.com/metalagman/semverctl/internal/cli/commands.go:570.2,571.16 2 1
github.com/metalagman/semverctl/internal/cli/commands.go:571.16,572.17 1 1
github.com/metalagman/semverctl/internal/cli/commands.go:572.17,574.4 1 0
github.com/metalagman/semverctl/internal/cli/commands.go:575.3,575.13 1 1
github.com/metalagman/semverctl/internal/cli/commands.go:577.2,580.18 3 1
github.com/metalagman/semverctl/internal/cli/commands.go:580.18,582.17 2 1
github.com/metalagman/semverctl/internal/cli/commands.go:582.17,586.4 3 1
github.com/metalagman/semverctl/internal/cli/commands.go:587.3,587.17 1 1
github.com/metalagman/semverctl/internal/cli/commands.go:587.17,589.4 1 0
github.com/metalagman/semverctl/internal/cli/commands.go:589.9,591.4 1 1
github.com/metalagman/semverctl/internal/cli/commands.go:592.3,592.13 1 1
github.com/metalagman/semverctl/internal/cli/commands.go:595.2,595.52 1 1
github.com/metalagman/semverctl/internal/cli/commands.go:595.52,596.17 1 1
github.com/metalagman/semverctl/internal/cli/commands.go:596.17,598.4 1 0
github.com/metalagman/semverctl/internal/cli/commands.go:599.3,599.13 1 1
github.com/metalagman/semverctl/internal/cli/commands.go:601.2,603.17 3 1
github.com/metalagman/semverctl/internal/cli/commands.go:603.17,605.3 1 1
github.com/metalagman/semverctl/internal/cli/commands.go:607.2,607.16 1 1
github.com/metalagman/semverctl/internal/cli/commands.go:607.16,608.42 1 1
github.com/metalagman/semverctl/internal/cli/commands.go:608.42,610.18 2 1
github.com/metalagman/semverctl/internal/cli/commands.go:610.18,612.5 1 0
github.com/metalagman/semverctl/internal/cli/commands.go:613.4,613.14 1 1
github.com/metalagman/semverctl/internal/cli/commands.go:615.3,617.18 3 1
github.com/metalagman/semverctl/internal/cli/commands.go:617.18,619.4 1 1
github.com/metalagman/semverctl/internal/cli/commands.go:622.2,622.16 1 1
github.com/metalagman/semverctl/internal/cli/commands.go:622.16,626.3 3 0
github.com/metalagman/semverctl/internal/cli/commands.go:628.2,628.12 1 1
github.com/metalagman/semverctl/internal/cli/commands.go:631.57,632.20 1 1
github.com/metalagman/semverctl/internal/cli/commands.go:632.20,634.25 2 1
github.com/metalagman/semverctl/internal/cli/commands.go:634.25,636.4 1 0
github.com/metalagman/semverctl/internal/cli/commands.go:637.3,637.13 1 1
github.com/metalagman/semverctl/internal/cli/commands.go:640.2,641.16 2 1
github.com/metalagman/semverctl/internal/cli/commands.go:641.16,643.3 1 0
github.com/metalagman/semverctl/internal/cli/commands.go:645.2,652.42 3 1
github.com/metalagman/semverctl/internal/cli/commands.go:652.42,653.17 1 0
github.com/metalagman/semverctl/internal/cli/commands.go:653.17,655.4 1 0
github.com/metalagman/semverctl/internal/cli/commands.go:656.3,656.13 1 0
github.com/metalagman/semverctl/internal/cli/commands.go:659.2,660.16 2 1
github.com/metalagman/semverctl/internal/cli/commands.go:660.16,661.17 1 1
github.com/metalagman/semverctl/internal/cli/commands.go:661.17,663.4 1 0
github.com/metalagman/semverctl/internal/cli/commands.go:664.3,664.13 1 1
github.com/metalagman/semverctl/internal/cli/commands.go:666.2,669.18 3 1
github.com/metalagman/semverctl/internal/cli/commands.go:669.18,671.17 2 1
github.com/metalagman/semverctl/internal/cli/commands.go:671.17,675.4 3 1
github.com/metalagman/semverctl/internal/cli/commands.go:676.3,676.17 1 1
github.com/metalagman/semverctl/internal/cli/commands.go:676.17,678.4 1 0
github.com/metalagman/semverctl/internal/cli/commands.go:678.9,680.4 1 1
github.com/metalagman/semverctl/internal/cli/commands.go:681.3,681.13 1 1
github.com/metalagman/semverctl/internal/cli/commands.go:684.2,684.52 1 1
github.com/metalagman/semverctl/internal/cli/commands.go:684.52,685.17 1 1
github.com/metalagman/semverctl/internal/cli/commands.go:685.17,687.4 1 0
github.com/metalagman/semverctl/internal/cli/commands.go:688.3,688.13 1 1
github.com/metalagman/semverctl/internal/cli/commands.go:690.2,692.17 3 1
github.com/metalagman/semverctl/internal/cli/commands.go:692.17,694.3 1 1
github.com/metalagman/semverctl/internal/cli/commands.go:696.2,696.16 1 1
github.com/metalagman/semverctl/internal/cli/commands.go:696.16,697.42 1 1
github.com/metalagman/semverctl/internal/cli/commands.go:697.42,699.18 2 1
github.com/metalagman/semverctl/internal/cli/commands.go:699.18,701.5 1 0
github.com/metalagman/semverctl/internal/cli/commands.go:702.4,702.14 1 1
github.com/metalagman/semverctl/internal/cli/commands.go:704.3,706.18 3 1
github.com/metalagman/semverctl/internal/cli/commands.go:706.18,708.4 1 1
github.com/metalagman/semverctl/internal/cli/commands.go:711.2,711.16 1 1
github.com/metalagman/semverctl/internal/cli/commands.go:711.16,715.3 3 0
github.com/metalagman/semverctl/internal/cli/commands.go:717.2,717.12 1 1
github.com/metalagman/semverctl/internal/cli/root.go:16.13,17.63 1 1
github.com/metalagman/semverctl/internal/cli/root.go:17.63,19.3 1 1
github.com/metalagman/semverctl/internal/cli/root.go:38.22,40.2 1 1
github.com/metalagman/semverctl/internal/cli/root.go:42.13,44.2 1 1
github.com/metalagman/semverctl/internal/cli/root.go:49.47,51.3 1 1
github.com/metalagman/semverctl/internal/cli/root.go:55.26,57.2 1 1
github.com/metalagman/semverctl/internal/cli/root.go:60.28,62.2 1 1
github.com/metalagman/semverctl/internal/cli/root.go:65.28,67.2 1 1
