mode: set
github.com/metalagman/semverctl/internal/app/runner.go:53.40,55.2 1 1
github.com/metalagman/semverctl/internal/app/runner.go:58.30,61.15 3 1
github.com/metalagman/semverctl/internal/app/runner.go:61.15,61.56 1 1
github.com/metalagman/semverctl/internal/app/runner.go:63.2,64.12 2 1
github.com/metalagman/semverctl/internal/app/runner.go:69.53,72.15 3 1
github.com/metalagman/semverctl/internal/app/runner.go:72.15,72.56 1 1
github.com/metalagman/semverctl/internal/app/runner.go:74.2,74.34 1 1
github.com/metalagman/semverctl/internal/app/runner.go:77.60,79.37 1 1
github.com/metalagman/semverctl/internal/app/runner.go:79.37,81.3 1 0
github.com/metalagman/semverctl/internal/app/runner.go:84.2,88.25 4 1
github.com/metalagman/semverctl/internal/app/runner.go:88.25,90.3 1 1
github.com/metalagman/semverctl/internal/app/runner.go:90.8,92.3 1 1
github.com/metalagman/semverctl/internal/app/runner.go:93.2,93.16 1 1
github.com/metalagman/semverctl/internal/app/runner.go:93.16,95.3 1 1
github.com/metalagman/semverctl/internal/app/runner.go:98.2,101.29 3 1
github.com/metalagman/semverctl/internal/app/runner.go:101.29,104.26 3 1
github.com/metalagman/semverctl/internal/app/runner.go:104.26,106.4 1 1
github.com/metalagman/semverctl/internal/app/runner.go:109.2,109.23 1 1
github.com/metalagman/semverctl/internal/app/runner.go:109.23,111.3 1 1
github.com/metalagman/semverctl/internal/app/runner.go:113.2,113.15 1 1
github.com/metalagman/semverctl/internal/app/runner.go:113.15,115.3 1 1
github.com/metalagman/semverctl/internal/app/runner.go:117.2,117.21 1 1
github.com/metalagman/semverctl/internal/app/runner.go:120.35,122.28 1 1
github.com/metalagman/semverctl/internal/app/runner.go:123.14,124.55 1 1
github.com/metalagman/semverctl/internal/app/runner.go:124.55,126.4 1 1
github.com/metalagman/semverctl/internal/app/runner.go:127.3,127.54 1 1
github.com/metalagman/semverctl/internal/app/runner.go:127.54,129.4 1 1
github.com/metalagman/semverctl/internal/app/runner.go:130.13,131.29 1 1
github.com/metalagman/semverctl/internal/app/runner.go:131.29,133.4 1 1
github.com/metalagman/semverctl/internal/app/runner.go:134.3,134.27 1 1
github.com/metalagman/semverctl/internal/app/runner.go:134.27,136.4 1 1
github.com/metalagman/semverctl/internal/app/runner.go:137.3,137.41 1 1
github.com/metalagman/semverctl/internal/app/runner.go:137.41,139.4 1 1
github.com/metalagman/semverctl/internal/app/runner.go:140.10,141.65 1 1
github.com/metalagman/semverctl/internal/app/runner.go:145.2,145.29 1 1
github.com/metalagman/semverctl/internal/app/runner.go:145.29,147.3 1 1
github.com/metalagman/semverctl/internal/app/runner.go:150.2,151.16 2 1
github.com/metalagman/semverctl/internal/app/runner.go:151.16,153.3 1 1
github.com/metalagman/semverctl/internal/app/runner.go:155.2,155.12 1 1
github.com/metalagman/semverctl/internal/app/runner.go:158.50,163.16 3 1
github.com/metalagman/semverctl/internal/app/runner.go:163.16,166.3 2 0
github.com/metalagman/semverctl/internal/app/runner.go:169.2,170.16 2 1
github.com/metalagman/semverctl/internal/app/runner.go:170.16,173.3 2 0
github.com/metalagman/semverctl/internal/app/runner.go:176.2,177.16 2 1
github.com/metalagman/semverctl/internal/app/runner.go:177.16,180.3 2 1
github.com/metalagman/semverctl/internal/app/runner.go:183.2,183.26 1 1
github.com/metalagman/semverctl/internal/app/runner.go:183.26,185.3 1 1
github.com/metalagman/semverctl/internal/app/runner.go:187.2,187.48 1 1
github.com/metalagman/semverctl/internal/app/runner.go:190.95,195.16 3 1
github.com/metalagman/semverctl/internal/app/runner.go:195.16,198.3 2 1
github.com/metalagman/semverctl/internal/app/runner.go:199.2,203.28 3 1
github.com/metalagman/semverctl/internal/app/runner.go:204.14,206.17 2 1
github.com/metalagman/semverctl/internal/app/runner.go:206.17,209.4 2 1
github.com/metalagman/semverctl/internal/app/runner.go:210.3,211.17 2 1
github.com/metalagman/semverctl/internal/app/runner.go:211.17,214.4 2 0
github.com/metalagman/semverctl/internal/app/runner.go:215.3,215.31 1 1
github.com/metalagman/semverctl/internal/app/runner.go:216.13,217.28 1 1
github.com/metalagman/semverctl/internal/app/runner.go:219.2,222.22 2 1
github.com/metalagman/semverctl/internal/app/runner.go:222.22,225.3 2 1
github.com/metalagman/semverctl/internal/app/runner.go:226.2,229.69 2 1
github.com/metalagman/semverctl/internal/app/runner.go:229.69,232.3 2 0
github.com/metalagman/semverctl/internal/app/runner.go:235.2,236.16 2 1
github.com/metalagman/semverctl/internal/app/runner.go:236.16,239.3 2 0
github.com/metalagman/semverctl/internal/app/runner.go:242.2,242.21 1 1
github.com/metalagman/semverctl/internal/app/runner.go:242.21,243.24 1 1
github.com/metalagman/semverctl/internal/app/runner.go:243.24,245.4 1 1
github.com/metalagman/semverctl/internal/app/runner.go:246.8,248.17 2 1
github.com/metalagman/semverctl/internal/app/runner.go:248.17,251.4 2 1
github.com/metalagman/semverctl/internal/app/runner.go:254.2,254.15 1 1
github.com/metalagman/semverctl/internal/app/runner.go:257.100,262.16 3 1
github.com/metalagman/semverctl/internal/app/runner.go:262.16,265.3 2 1
github.com/metalagman/semverctl/internal/app/runner.go:266.2,273.22 4 1
github.com/metalagman/semverctl/internal/app/runner.go:273.22,276.3 2 0
github.com/metalagman/semverctl/internal/app/runner.go:277.2,280.75 2 1
github.com/metalagman/semverctl/internal/app/runner.go:280.75,283.3 2 0
github.com/metalagman/semverctl/internal/app/runner.go:286.2,287.16 2 1
github.com/metalagman/semverctl/internal/app/runner.go:287.16,290.3 2 0
github.com/metalagman/semverctl/internal/app/runner.go:293.2,293.21 1 1
github.com/metalagman/semverctl/internal/app/runner.go:293.21,294.24 1 1
github.com/metalagman/semverctl/internal/app/runner.go:294.24,296.4 1 1
github.com/metalagman/semverctl/internal/app/runner.go:297.8,299.17 2 1
github.com/metalagman/semverctl/internal/app/runner.go:299.17,302.4 2 1
github.com/metalagman/semverctl/internal/app/runner.go:305.2,305.15 1 1
github.com/metalagman/semverctl/internal/app/runner.go:308.49,313.33 4 1
github.com/metalagman/semverctl/internal/app/runner.go:313.33,314.26 1 1
github.com/metalagman/semverctl/internal/app/runner.go:314.26,317.4 2 1
github.com/metalagman/semverctl/internal/app/runner.go:317.9,317.28 1 1
github.com/metalagman/semverctl/internal/app/runner.go:317.28,319.23 2 1
github.com/metalagman/semverctl/internal/app/runner.go:319.23,321.5 1 1
github.com/metalagman/semverctl/internal/app/runner.go:322.4,323.13 2 1
github.com/metalagman/semverctl/internal/app/runner.go:324.9,327.4 2 0
github.com/metalagman/semverctl/internal/app/runner.go:330.2,331.16 2 1
github.com/metalagman/semverctl/internal/app/runner.go:331.16,333.3 1 1
github.com/metalagman/semverctl/internal/app/runner.go:334.2,334.15 1 1
github.com/metalagman/semverctl/internal/app/runner.go:337.69,343.29 4 1
github.com/metalagman/semverctl/internal/app/runner.go:343.29,344.20 1 1
github.com/metalagman/semverctl/internal/app/runner.go:345.34,346.56 1 1
github.com/metalagman/semverctl/internal/app/runner.go:346.56,347.19 1 1
github.com/metalagman/semverctl/internal/app/runner.go:347.19,349.6 1 1
github.com/metalagman/semverctl/internal/app/runner.go:351.34,352.56 1 1
github.com/metalagman/semverctl/internal/app/runner.go:352.56,353.19 1 1
github.com/metalagman/semverctl/internal/app/runner.go:353.19,355.6 1 1
github.com/metalagman/semverctl/internal/app/runner.go:357.33,357.33 0 1
github.com/metalagman/semverctl/internal/app/runner.go:361.2,361.15 1 1
github.com/metalagman/semverctl/internal/app/runner.go:365.37,367.2 1 1
